[browser] Uncaught ReferenceError: calls is not defined
    at Dashboard (app/page.tsx:321:16)
  319 |             </CardHeader>
  320 |             <CardContent className="flex flex-col gap-4">
> 321 |               {calls === null ? <Skeleton className="h-24 w-full" /> : calls.length === 0...
      |                ^
  322 |                 <EmptyState>
  323 |                   <p className="font-medium text-foreground">Aucun appel pour le moment</p>
  324 |                   <p>Après un appel, la transcription, le résumé et l'enregistrement appa...
[browser] Uncaught ReferenceError: calls is not defined
    at Dashboard (app/page.tsx:321:16)
  319 |             </CardHeader>
  320 |             <CardContent className="flex flex-col gap-4">
> 321 |               {calls === null ? <Skeleton className="h-24 w-full" /> : calls.length === 0...
      |                ^
  322 |                 <EmptyState>
  323 |                   <p className="font-medium text-foreground">Aucun appel pour le moment</p>
  324 |                   <p>Après un appel, la transcription, le résumé et l'enregistrement appa...
[browser] Uncaught ReferenceError: calls is not defined
    at Dashboard (app/page.tsx:321:16)
  319 |             </CardHeader>
  320 |             <CardContent className="flex flex-col gap-4">
> 321 |               {calls === null ? <Skeleton className="h-24 w-full" /> : calls.length === 0...
      |                ^
  322 |                 <EmptyState>
  323 |                   <p className="font-medium text-foreground">Aucun appel pour le moment</p>
  324 |                   <p>Après un appel, la transcription, le résumé et l'enregistrement appa...
[browser] Uncaught ReferenceError: calls is not defined
    at Dashboard (app/page.tsx:321:16)
  319 |             </CardHeader>
  320 |             <CardContent className="flex flex-col gap-4">
> 321 |               {calls === null ? <Skeleton className="h-24 w-full" /> : calls.length === 0...
      |                ^
  322 |                 <EmptyState>
  323 |                   <p className="font-medium text-foreground">Aucun appel pour le moment</p>
  324 |                   <p>Après un appel, la transcription, le résumé et l'enregistrement appa...
[browser] Uncaught ReferenceError: calls is not defined
    at Dashboard (app/page.tsx:321:16)
  319 |             </CardHeader>
  320 |             <CardContent className="flex flex-col gap-4">
> 321 |               {calls === null ? <Skeleton className="h-24 w-full" /> : calls.length === 0...
      |                ^
  322 |                 <EmptyState>
  323 |                   <p className="font-medium text-foreground">Aucun appel pour le moment</p>
  324 |                   <p>Après un appel, la transcription, le résumé et l'enregistrement appa...
[browser] Uncaught ReferenceError: calls is not defined
    at Dashboard (app/page.tsx:321:16)
  319 |             </CardHeader>
  320 |             <CardContent className="flex flex-col gap-4">
> 321 |               {calls === null ? <Skeleton className="h-24 w-full" /> : calls.length === 0...
      |                ^
  322 |                 <EmptyState>
  323 |                   <p className="font-medium text-foreground">Aucun appel pour le moment</p>
  324 |                   <p>Après un appel, la transcription, le résumé et l'enregistrement appa...
⚠ Fast Refresh had to perform a full reload due to a runtime error.
